\BOOKMARK [0][-]{chapter*.1}{\376\377\122\115\212\000}{}% 1
\BOOKMARK [0][-]{chapter.1}{\376\377\173\054\116\000\172\340\000\040\000\040\151\202\217\360}{}% 2
\BOOKMARK [1][-]{section.1.1}{\376\377\0001\000.\0001\000\040\116\247\124\301\133\232\117\115}{chapter.1}% 3
\BOOKMARK [1][-]{section.1.2}{\376\377\0001\000.\0002\000\040\000S\000D\000K\000\040\200\375\120\132\116\300\116\110}{chapter.1}% 4
\BOOKMARK [1][-]{section.1.3}{\376\377\0001\000.\0003\000\040\121\170\127\213\137\000\123\321\155\101\172\013}{chapter.1}% 5
\BOOKMARK [1][-]{section.1.4}{\376\377\0001\000.\0004\000\040\142\113\121\214\176\323\147\204}{chapter.1}% 6
\BOOKMARK [0][-]{chapter.2}{\376\377\173\054\116\214\172\340\000\040\000\040\137\353\220\037\137\000\131\313}{}% 7
\BOOKMARK [1][-]{section.2.1}{\376\377\0002\000.\0001\000\040\163\257\130\203\211\201\154\102}{chapter.2}% 8
\BOOKMARK [1][-]{section.2.2}{\376\377\0002\000.\0002\000\040\133\211\210\305}{chapter.2}% 9
\BOOKMARK [2][-]{subsection.2.2.1}{\376\377\0002\000.\0002\000.\0001\000\040\145\271\137\017\116\000\377\032\147\054\127\060\137\000\123\321\133\211\210\305\377\010\143\250\203\120\377\011}{section.2.2}% 10
\BOOKMARK [2][-]{subsection.2.2.2}{\376\377\0002\000.\0002\000.\0002\000\040\145\271\137\017\116\214\377\032\166\364\143\245\133\211\210\305\117\235\215\126}{section.2.2}% 11
\BOOKMARK [1][-]{section.2.3}{\376\377\0002\000.\0003\000\040\116\011\210\114\116\343\170\001\143\247\122\066\147\072\126\150\116\272}{chapter.2}% 12
\BOOKMARK [1][-]{section.2.4}{\376\377\0002\000.\0004\000\040\231\226\153\041\217\336\143\245\150\300\147\345\156\005\123\125}{chapter.2}% 13
\BOOKMARK [1][-]{section.2.5}{\376\377\0002\000.\0005\000\040\177\121\176\334\221\115\177\156}{chapter.2}% 14
\BOOKMARK [1][-]{section.2.6}{\376\377\0002\000.\0006\000\040\232\214\213\301\217\336\143\245\201\032\147\054}{chapter.2}% 15
\BOOKMARK [1][-]{section.2.7}{\376\377\0002\000.\0007\000\040\173\054\116\000\153\041\133\214\145\164\144\315\117\134}{chapter.2}% 16
\BOOKMARK [1][-]{section.2.8}{\376\377\0002\000.\0008\000\040\117\177\165\050\000\040\000w\000i\000t\000h\000\040\213\355\123\345}{chapter.2}% 17
\BOOKMARK [1][-]{section.2.9}{\376\377\0002\000.\0009\000\040\136\070\211\301\225\356\230\230}{chapter.2}% 18
\BOOKMARK [2][-]{subsection.2.9.1}{\376\377\0002\000.\0009\000.\0001\000\040\217\336\143\245\215\205\145\366}{section.2.9}% 19
\BOOKMARK [2][-]{subsection.2.9.2}{\376\377\0002\000.\0009\000.\0002\000\040\000w\000a\000l\000k\000\050\000\051\000\040\154\241\123\315\136\224}{section.2.9}% 20
\BOOKMARK [2][-]{subsection.2.9.3}{\376\377\0002\000.\0009\000.\0003\000\040\165\065\147\072\116\015\122\250}{section.2.9}% 21
\BOOKMARK [2][-]{subsection.2.9.4}{\376\377\0002\000.\0009\000.\0004\000\040\144\315\117\134\210\253\142\322\176\335}{section.2.9}% 22
\BOOKMARK [0][-]{chapter.3}{\376\377\173\054\116\011\172\340\000\040\000\040\164\006\213\272\127\372\170\100}{}% 23
\BOOKMARK [1][-]{section.3.1}{\376\377\0003\000.\0001\000\040\000P\000D\000\040\117\115\177\156\143\247\122\066}{chapter.3}% 24
\BOOKMARK [2][-]{subsection.3.1.1}{\376\377\0003\000.\0001\000.\0001\000\040\162\151\164\006\141\017\116\111}{section.3.1}% 25
\BOOKMARK [2][-]{subsection.3.1.2}{\376\377\0003\000.\0001\000.\0002\000\040\172\063\133\232\140\047\147\141\116\366}{section.3.1}% 26
\BOOKMARK [2][-]{subsection.3.1.3}{\376\377\0003\000.\0001\000.\0003\000\040\226\073\134\074\153\324\122\006\147\220}{section.3.1}% 27
\BOOKMARK [1][-]{section.3.2}{\376\377\0003\000.\0002\000\040\137\072\123\026\133\146\116\140\217\320\122\250\143\247\122\066}{chapter.3}% 28
\BOOKMARK [2][-]{subsection.3.2.1}{\376\377\0003\000.\0002\000.\0001\000\040\173\126\165\145\177\121\176\334}{section.3.2}% 29
\BOOKMARK [2][-]{subsection.3.2.2}{\376\377\0003\000.\0002\000.\0002\000\040\211\302\155\113\172\172\225\364}{section.3.2}% 30
\BOOKMARK [2][-]{subsection.3.2.3}{\376\377\0003\000.\0002\000.\0003\000\040\123\206\123\362\136\047\130\006\123\340}{section.3.2}% 31
\BOOKMARK [2][-]{subsection.3.2.4}{\376\377\0003\000.\0002\000.\0004\000\040\122\250\117\134\172\172\225\364\116\016\177\051\145\076}{section.3.2}% 32
\BOOKMARK [2][-]{subsection.3.2.5}{\376\377\0003\000.\0002\000.\0005\000\040\000S\000i\000m\000-\000t\000o\000-\000R\000e\000a\000l}{section.3.2}% 33
\BOOKMARK [1][-]{section.3.3}{\376\377\0003\000.\0003\000\040\131\377\140\001\210\150\171\072\116\016\127\120\150\007\123\330\143\142}{chapter.3}% 34
\BOOKMARK [2][-]{subsection.3.3.1}{\376\377\0003\000.\0003\000.\0001\000\040\126\333\121\103\145\160\127\372\170\100}{section.3.3}% 35
\BOOKMARK [2][-]{subsection.3.3.2}{\376\377\0003\000.\0003\000.\0002\000\040\126\333\121\103\145\160\122\060\145\313\217\154\167\351\226\065}{section.3.3}% 36
\BOOKMARK [2][-]{subsection.3.3.3}{\376\377\0003\000.\0003\000.\0003\000\040\142\225\137\161\221\315\122\233\213\241\173\227}{section.3.3}% 37
\BOOKMARK [2][-]{subsection.3.3.4}{\376\377\0003\000.\0003\000.\0004\000\040\000H\000a\000m\000i\000l\000t\000o\000n\000\040\176\246\133\232\116\016\000\040\000R\000O\000S\000\040\176\246\133\232}{section.3.3}% 38
\BOOKMARK [1][-]{section.3.4}{\376\377\0003\000.\0004\000\040\147\011\226\120\162\266\140\001\147\072}{chapter.3}% 39
\BOOKMARK [2][-]{subsection.3.4.1}{\376\377\0003\000.\0004\000.\0001\000\040\137\142\137\017\123\026\133\232\116\111}{section.3.4}% 40
\BOOKMARK [2][-]{subsection.3.4.2}{\376\377\0003\000.\0004\000.\0002\000\040\162\266\140\001\217\154\171\373\210\150}{section.3.4}% 41
\BOOKMARK [2][-]{subsection.3.4.3}{\376\377\0003\000.\0004\000.\0003\000\040\133\211\121\150\116\015\123\330\221\317}{section.3.4}% 42
\BOOKMARK [1][-]{section.3.5}{\376\377\0003\000.\0005\000\040\143\247\122\066\230\221\163\207\116\016\133\236\145\366\140\047}{chapter.3}% 43
\BOOKMARK [2][-]{subsection.3.5.1}{\376\377\0003\000.\0005\000.\0001\000\040\123\125\124\150\147\037\155\101\154\064\176\277}{section.3.5}% 44
\BOOKMARK [2][-]{subsection.3.5.2}{\376\377\0003\000.\0005\000.\0002\000\040\145\366\225\364\230\204\173\227}{section.3.5}% 45
\BOOKMARK [2][-]{subsection.3.5.3}{\376\377\0003\000.\0005\000.\0003\000\040\116\072\116\300\116\110\123\125\176\277\172\013\116\213\116\366\137\252\163\257\215\263\131\037}{section.3.5}% 46
\BOOKMARK [0][-]{chapter.4}{\376\377\173\054\126\333\172\340\000\040\000\040\127\120\150\007\174\373\116\016\121\163\202\202}{}% 47
\BOOKMARK [1][-]{section.4.1}{\376\377\0004\000.\0001\000\040\147\072\117\123\127\120\150\007\174\373}{chapter.4}% 48
\BOOKMARK [2][-]{subsection.4.1.1}{\376\377\0004\000.\0001\000.\0001\000\040\153\143\227\142\211\306\126\376}{section.4.1}% 49
\BOOKMARK [2][-]{subsection.4.1.2}{\376\377\0004\000.\0001\000.\0002\000\040\117\247\227\142\211\306\126\376\377\010\123\363\117\247\377\011}{section.4.1}% 50
\BOOKMARK [2][-]{subsection.4.1.3}{\376\377\0004\000.\0001\000.\0003\000\040\000w\000a\000l\000k\000\050\000\051\000\040\143\007\116\344\116\016\127\120\150\007\174\373\166\204\121\163\174\373}{section.4.1}% 51
\BOOKMARK [1][-]{section.4.2}{\376\377\0004\000.\0002\000\040\121\163\202\202\177\026\123\367\140\073\210\150}{chapter.4}% 52
\BOOKMARK [1][-]{section.4.3}{\376\377\0004\000.\0003\000\040\121\163\202\202\122\006\176\304}{chapter.4}% 53
\BOOKMARK [2][-]{subsection.4.3.1}{\376\377\0004\000.\0003\000.\0001\000\040\143\011\201\177\122\006\176\304}{section.4.3}% 54
\BOOKMARK [2][-]{subsection.4.3.2}{\376\377\0004\000.\0003\000.\0002\000\040\143\011\121\163\202\202\174\173\127\213\122\006\176\304}{section.4.3}% 55
\BOOKMARK [2][-]{subsection.4.3.3}{\376\377\0004\000.\0003\000.\0003\000\040\117\357\167\260\126\376\000\040\000\050\000T\000o\000p\000\040\000V\000i\000e\000w\000\051}{section.4.3}% 56
\BOOKMARK [2][-]{subsection.4.3.4}{\376\377\0004\000.\0003\000.\0004\000\040\117\247\227\142\126\376\040\024\040\024\123\125\201\177\176\323\147\204}{section.4.3}% 57
\BOOKMARK [1][-]{section.4.4}{\376\377\0004\000.\0004\000\040\121\170\127\213\131\377\140\001}{chapter.4}% 58
\BOOKMARK [2][-]{subsection.4.4.1}{\376\377\0004\000.\0004\000.\0001\000\040\172\331\172\313\131\377\140\001\000\040\000\050\000S\000t\000a\000n\000d\000i\000n\000g\000\040\000P\000o\000s\000e\000\051}{section.4.4}% 59
\BOOKMARK [2][-]{subsection.4.4.2}{\376\377\0004\000.\0004\000.\0002\000\040\127\120\116\013\131\377\140\001\000\040\000\050\000S\000i\000t\000t\000i\000n\000g\000\040\000P\000o\000s\000e\000\051}{section.4.4}% 60
\BOOKMARK [2][-]{subsection.4.4.3}{\376\377\0004\000.\0004\000.\0003\000\040\131\377\140\001\123\357\211\306\123\026}{section.4.4}% 61
\BOOKMARK [1][-]{section.4.5}{\376\377\0004\000.\0005\000\040\000P\000D\000\040\143\247\122\066\123\302\145\160}{chapter.4}% 62
\BOOKMARK [2][-]{subsection.4.5.1}{\376\377\0004\000.\0005\000.\0001\000\040\143\250\164\006\226\066\153\265\377\010\210\114\215\160\145\366\377\011}{section.4.5}% 63
\BOOKMARK [2][-]{subsection.4.5.2}{\376\377\0004\000.\0005\000.\0002\000\040\172\331\172\313\131\377\140\001}{section.4.5}% 64
\BOOKMARK [2][-]{subsection.4.5.3}{\376\377\0004\000.\0005\000.\0003\000\040\000P\000D\000\040\143\247\122\066\143\245\123\343}{section.4.5}% 65
\BOOKMARK [1][-]{section.4.6}{\376\377\0004\000.\0006\000\040\177\026\172\013\116\055\166\204\121\163\202\202\144\315\117\134}{chapter.4}% 66
\BOOKMARK [2][-]{subsection.4.6.1}{\376\377\0004\000.\0006\000.\0001\000\040\213\373\123\326\121\163\202\202\145\160\143\156}{section.4.6}% 67
\BOOKMARK [2][-]{subsection.4.6.2}{\376\377\0004\000.\0006\000.\0002\000\040\213\312\145\255\123\125\147\141\201\177}{section.4.6}% 68
\BOOKMARK [2][-]{subsection.4.6.3}{\376\377\0004\000.\0006\000.\0003\000\040\156\005\226\144\123\125\201\177\145\105\226\234}{section.4.6}% 69
\BOOKMARK [0][-]{chapter.5}{\376\377\173\054\116\224\172\340\000\040\000\040\162\266\140\001\147\072\116\016\217\320\122\250\143\247\122\066}{}% 70
\BOOKMARK [1][-]{section.5.1}{\376\377\0005\000.\0001\000\040\162\266\140\001\147\072\140\073\211\310}{chapter.5}% 71
\BOOKMARK [2][-]{subsection.5.1.1}{\376\377\0005\000.\0001\000.\0001\000\040\162\266\140\001\126\376}{section.5.1}% 72
\BOOKMARK [2][-]{subsection.5.1.2}{\376\377\0005\000.\0001\000.\0002\000\040\116\224\116\052\162\266\140\001}{section.5.1}% 73
\BOOKMARK [1][-]{section.5.2}{\376\377\0005\000.\0002\000\040\162\266\140\001\217\154\143\142\213\346\211\343}{chapter.5}% 74
\BOOKMARK [2][-]{subsection.5.2.1}{\376\377\0005\000.\0002\000.\0001\000\040\000Z\000e\000r\000o\000\040\000\040\000G\000r\000o\000u\000n\000d\000e\000d}{section.5.2}% 75
\BOOKMARK [2][-]{subsection.5.2.2}{\376\377\0005\000.\0002\000.\0002\000\040\000G\000r\000o\000u\000n\000d\000e\000d\000\040\000\040\000S\000t\000a\000n\000d\000i\000n\000g\377\010\172\331\215\167\377\011}{section.5.2}% 76
\BOOKMARK [2][-]{subsection.5.2.3}{\376\377\0005\000.\0002\000.\0003\000\040\000S\000t\000a\000n\000d\000i\000n\000g\000\040\000\040\000W\000a\000l\000k\000i\000n\000g\377\010\137\000\131\313\210\114\215\160\377\011}{section.5.2}% 77
\BOOKMARK [2][-]{subsection.5.2.4}{\376\377\0005\000.\0002\000.\0004\000\040\000W\000a\000l\000k\000i\000n\000g\000\040\116\055\146\364\145\260\145\271\124\021}{section.5.2}% 78
\BOOKMARK [2][-]{subsection.5.2.5}{\376\377\0005\000.\0002\000.\0005\000\040\000W\000a\000l\000k\000i\000n\000g\000\040\000\040\000S\000t\000a\000n\000d\000i\000n\000g\377\010\120\134\153\145\377\011}{section.5.2}% 79
\BOOKMARK [2][-]{subsection.5.2.6}{\376\377\0005\000.\0002\000.\0006\000\040\000S\000t\000a\000n\000d\000i\000n\000g\000\040\000\040\000G\000r\000o\000u\000n\000d\000e\000d\377\010\127\120\116\013\377\011}{section.5.2}% 80
\BOOKMARK [2][-]{subsection.5.2.7}{\376\377\0005\000.\0002\000.\0007\000\040\000W\000a\000l\000k\000i\000n\000g\000\040\000\040\000G\000r\000o\000u\000n\000d\000e\000d\377\010\210\114\215\160\116\055\166\364\143\245\127\120\116\013\377\011}{section.5.2}% 81
\BOOKMARK [1][-]{section.5.3}{\376\377\0005\000.\0003\000\040\227\136\154\325\144\315\117\134\131\004\164\006}{chapter.5}% 82
\BOOKMARK [1][-]{section.5.4}{\376\377\0005\000.\0004\000\040\000w\000a\000l\000k\000\050\000\051\000\040\220\037\136\246\176\246\133\232}{chapter.5}% 83
\BOOKMARK [2][-]{subsection.5.4.1}{\376\377\0005\000.\0004\000.\0001\000\040\123\302\145\160\213\364\146\016}{section.5.4}% 84
\BOOKMARK [2][-]{subsection.5.4.2}{\376\377\0005\000.\0004\000.\0002\000\040\136\070\211\301\165\050\154\325}{section.5.4}% 85
\BOOKMARK [2][-]{subsection.5.4.3}{\376\377\0005\000.\0004\000.\0003\000\040\217\320\122\250\145\271\124\021\123\302\200\003\126\376}{section.5.4}% 86
\BOOKMARK [1][-]{section.5.5}{\376\377\0005\000.\0005\000\040\165\065\147\072\117\177\200\375\000/\171\201\165\050\165\037\124\175\124\150\147\037}{chapter.5}% 87
\BOOKMARK [2][-]{subsection.5.5.1}{\376\377\0005\000.\0005\000.\0001\000\040\133\214\145\164\165\037\124\175\124\150\147\037}{section.5.5}% 88
\BOOKMARK [2][-]{subsection.5.5.2}{\376\377\0005\000.\0005\000.\0002\000\040\121\163\225\056\211\304\122\031}{section.5.5}% 89
\BOOKMARK [2][-]{subsection.5.5.3}{\376\377\0005\000.\0005\000.\0003\000\040\133\211\121\150\166\204\121\163\147\072\155\101\172\013}{section.5.5}% 90
\BOOKMARK [1][-]{section.5.6}{\376\377\0005\000.\0006\000\040\143\247\122\066\147\103\116\362\210\301\000\040\000\050\000C\000o\000n\000t\000r\000o\000l\000A\000r\000b\000i\000t\000e\000r\000\051}{chapter.5}% 91
\BOOKMARK [2][-]{subsection.5.6.1}{\376\377\0005\000.\0006\000.\0001\000\040\117\030\121\110\176\247\147\072\122\066}{section.5.6}% 92
\BOOKMARK [2][-]{subsection.5.6.2}{\376\377\0005\000.\0006\000.\0002\000\040\116\362\210\301\211\304\122\031}{section.5.6}% 93
\BOOKMARK [2][-]{subsection.5.6.3}{\376\377\0005\000.\0006\000.\0003\000\040\215\205\145\366\123\302\145\160}{section.5.6}% 94
\BOOKMARK [2][-]{subsection.5.6.4}{\376\377\0005\000.\0006\000.\0004\000\040\000S\000D\000K\000\040\137\000\123\321\136\372\213\256}{section.5.6}% 95
\BOOKMARK [1][-]{section.5.7}{\376\377\0005\000.\0007\000\040\145\105\226\234\131\004\164\006}{chapter.5}% 96
\BOOKMARK [2][-]{subsection.5.7.1}{\376\377\0005\000.\0007\000.\0001\000\040\000F\000a\000u\000l\000t\000\040\162\266\140\001\217\154\143\142}{section.5.7}% 97
\BOOKMARK [2][-]{subsection.5.7.2}{\376\377\0005\000.\0007\000.\0002\000\040\165\065\147\072\145\105\226\234\156\005\226\144}{section.5.7}% 98
\BOOKMARK [2][-]{subsection.5.7.3}{\376\377\0005\000.\0007\000.\0003\000\040\117\116\123\213\117\335\142\244}{section.5.7}% 99
\BOOKMARK [1][-]{section.5.8}{\376\377\0005\000.\0008\000\040\173\126\165\145\122\007\143\142}{chapter.5}% 100
\BOOKMARK [2][-]{subsection.5.8.1}{\376\377\0005\000.\0008\000.\0001\000\040\147\345\213\342\124\214\122\007\143\142}{section.5.8}% 101
\BOOKMARK [2][-]{subsection.5.8.2}{\376\377\0005\000.\0008\000.\0002\000\040\122\007\143\142\211\304\122\031}{section.5.8}% 102
\BOOKMARK [1][-]{section.5.9}{\376\377\0005\000.\0009\000\040\121\170\127\213\117\177\165\050\155\101\172\013}{chapter.5}% 103
\BOOKMARK [2][-]{subsection.5.9.1}{\376\377\0005\000.\0009\000.\0001\000\040\150\007\121\306\144\315\117\134\136\217\122\027}{section.5.9}% 104
\BOOKMARK [2][-]{subsection.5.9.2}{\376\377\0005\000.\0009\000.\0002\000\040\133\236\145\366\145\160\143\156\166\321\143\247}{section.5.9}% 105
\BOOKMARK [2][-]{subsection.5.9.3}{\376\377\0005\000.\0009\000.\0003\000\040\133\211\121\150\123\005\210\305\126\150}{section.5.9}% 106
\BOOKMARK [1][-]{section.5.10}{\376\377\0005\000.\0001\0000\000\040\121\163\225\056\123\302\145\160\220\037\147\345}{chapter.5}% 107
\BOOKMARK [0][-]{chapter.6}{\376\377\173\054\121\155\172\340\000\040\000\040\133\236\165\050\137\000\123\321\143\007\123\127}{}% 108
\BOOKMARK [1][-]{section.6.1}{\376\377\0006\000.\0001\000\040\165\065\154\140\173\241\164\006}{chapter.6}% 109
\BOOKMARK [2][-]{subsection.6.1.1}{\376\377\0006\000.\0001\000.\0001\000\040\165\065\154\140\165\065\221\317\117\060\173\227}{section.6.1}% 110
\BOOKMARK [2][-]{subsection.6.1.2}{\376\377\0006\000.\0001\000.\0002\000\040\124\150\147\037\140\047\165\065\154\140\166\321\143\247}{section.6.1}% 111
\BOOKMARK [1][-]{section.6.2}{\376\377\0006\000.\0002\000\040\145\160\143\156\213\260\137\125\116\016\221\307\226\306}{chapter.6}% 112
\BOOKMARK [2][-]{subsection.6.2.1}{\376\377\0006\000.\0002\000.\0001\000\040\213\260\137\125\000\040\000I\000M\000U\000\040\145\160\143\156\122\060\000\040\000C\000S\000V}{section.6.2}% 113
\BOOKMARK [2][-]{subsection.6.2.2}{\376\377\0006\000.\0002\000.\0002\000\040\124\014\145\366\213\260\137\125\000\040\000I\000M\000U\000\040\124\214\121\163\202\202\145\160\143\156}{section.6.2}% 114
\BOOKMARK [1][-]{section.6.3}{\376\377\0006\000.\0003\000\040\217\334\172\013\220\350\177\162}{chapter.6}% 115
\BOOKMARK [2][-]{subsection.6.3.1}{\376\377\0006\000.\0003\000.\0001\000\040\000S\000S\000H\000\040\220\350\177\162\135\345\117\134\155\101}{section.6.3}% 116
\BOOKMARK [1][-]{section.6.4}{\376\377\0006\000.\0004\000\040\226\306\142\020\213\241\173\227\147\072\211\306\211\311}{chapter.6}% 117
\BOOKMARK [1][-]{section.6.5}{\376\377\0006\000.\0005\000\040\201\352\133\232\116\111\000\040\000P\000r\000o\000f\000i\000l\000e}{chapter.6}% 118
\BOOKMARK [2][-]{subsection.6.5.1}{\376\377\0006\000.\0005\000.\0001\000\040\000P\000r\000o\000f\000i\000l\000e\000\040\145\207\116\366\176\323\147\204}{section.6.5}% 119
\BOOKMARK [2][-]{subsection.6.5.2}{\376\377\0006\000.\0005\000.\0002\000\040\220\350\177\162\201\352\133\232\116\111\000\040\000P\000r\000o\000f\000i\000l\000e}{section.6.5}% 120
\BOOKMARK [1][-]{section.6.6}{\376\377\0006\000.\0006\000\040\137\000\123\321\136\372\213\256\116\016\147\000\117\163\133\236\215\365}{chapter.6}% 121
\BOOKMARK [0][-]{chapter.7}{\376\377\173\054\116\003\172\340\000\040\000\040\117\040\141\037\126\150\145\160\143\156}{}% 122
\BOOKMARK [1][-]{section.7.1}{\376\377\0007\000.\0001\000\040\117\040\141\037\126\150\140\073\211\310}{chapter.7}% 123
\BOOKMARK [1][-]{section.7.2}{\376\377\0007\000.\0002\000\040\000I\000M\000U\000\040\140\357\140\047\155\113\221\317\123\125\121\103}{chapter.7}% 124
\BOOKMARK [2][-]{subsection.7.2.1}{\376\377\0007\000.\0002\000.\0001\000\040\170\154\116\366\116\016\145\160\143\156}{section.7.2}% 125
\BOOKMARK [2][-]{subsection.7.2.2}{\376\377\0007\000.\0002\000.\0002\000\040\127\120\150\007\174\373}{section.7.2}% 126
\BOOKMARK [2][-]{subsection.7.2.3}{\376\377\0007\000.\0002\000.\0003\000\040\126\333\121\103\145\160\176\246\133\232}{section.7.2}% 127
\BOOKMARK [2][-]{subsection.7.2.4}{\376\377\0007\000.\0002\000.\0004\000\040\213\242\226\005\000\040\000I\000M\000U\000\040\145\160\143\156}{section.7.2}% 128
\BOOKMARK [2][-]{subsection.7.2.5}{\376\377\0007\000.\0002\000.\0005\000\040\145\160\143\156\211\343\213\373}{section.7.2}% 129
\BOOKMARK [1][-]{section.7.3}{\376\377\0007\000.\0003\000\040\121\163\202\202\177\026\170\001\126\150}{chapter.7}% 130
\BOOKMARK [2][-]{subsection.7.3.1}{\376\377\0007\000.\0003\000.\0001\000\040\121\163\202\202\136\003\134\100}{section.7.3}% 131
\BOOKMARK [2][-]{subsection.7.3.2}{\376\377\0007\000.\0003\000.\0002\000\040\145\160\143\156\121\205\133\271}{section.7.3}% 132
\BOOKMARK [2][-]{subsection.7.3.3}{\376\377\0007\000.\0003\000.\0003\000\040\213\242\226\005\121\163\202\202\145\160\143\156}{section.7.3}% 133
\BOOKMARK [2][-]{subsection.7.3.4}{\376\377\0007\000.\0003\000.\0004\000\040\121\163\202\202\117\115\177\156\133\211\121\150\226\120\117\115}{section.7.3}% 134
\BOOKMARK [1][-]{section.7.4}{\376\377\0007\000.\0004\000\040\165\065\147\072\162\266\140\001}{chapter.7}% 135
\BOOKMARK [2][-]{subsection.7.4.1}{\376\377\0007\000.\0004\000.\0001\000\040\147\345\213\342\165\065\147\072\162\266\140\001}{section.7.4}% 136
\BOOKMARK [2][-]{subsection.7.4.2}{\376\377\0007\000.\0004\000.\0002\000\040\000M\000o\000t\000o\000r\000I\000n\000f\000o\000\040\133\127\153\265\213\364\146\016}{section.7.4}% 137
\BOOKMARK [2][-]{subsection.7.4.3}{\376\377\0007\000.\0004\000.\0003\000\040\145\105\226\234\170\001\211\343\213\373}{section.7.4}% 138
\BOOKMARK [2][-]{subsection.7.4.4}{\376\377\0007\000.\0004\000.\0004\000\040\156\005\226\144\165\065\147\072\145\105\226\234}{section.7.4}% 139
\BOOKMARK [1][-]{section.7.5}{\376\377\0007\000.\0005\000\040\165\065\123\213\166\321\143\247}{chapter.7}% 140
\BOOKMARK [2][-]{subsection.7.5.1}{\376\377\0007\000.\0005\000.\0001\000\040\213\373\123\326\165\065\123\213}{section.7.5}% 141
\BOOKMARK [2][-]{subsection.7.5.2}{\376\377\0007\000.\0005\000.\0002\000\040\117\116\123\213\117\335\142\244\147\072\122\066}{section.7.5}% 142
\BOOKMARK [2][-]{subsection.7.5.3}{\376\377\0007\000.\0005\000.\0003\000\040\165\065\123\213\166\321\143\247\147\000\117\163\133\236\215\365}{section.7.5}% 143
\BOOKMARK [1][-]{section.7.6}{\376\377\0007\000.\0006\000\040\176\374\124\010\171\072\117\213\377\032\117\040\141\037\126\150\145\160\143\156\213\260\137\125\122\060\000\040\000C\000S\000V}{chapter.7}% 144
\BOOKMARK [0][-]{chapter.8}{\376\377\173\054\121\153\172\340\000\040\000\040\000A\000P\000I\000\040\123\302\200\003}{}% 145
\BOOKMARK [1][-]{section.8.1}{\376\377\0008\000.\0001\000\040\000O\000r\000i\000x\000C\000l\000i\000e\000n\000t\000\040\147\204\220\040\116\016\217\336\143\245}{chapter.8}% 146
\BOOKMARK [2][-]{subsection.8.1.1}{\376\377\0008\000.\0001\000.\0001\000\040\147\204\220\040\121\375\145\160}{section.8.1}% 147
\BOOKMARK [2][-]{subsection.8.1.2}{\376\377\0008\000.\0001\000.\0002\000\040\000c\000l\000o\000s\000e\000\050\000\051}{section.8.1}% 148
\BOOKMARK [2][-]{subsection.8.1.3}{\376\377\0008\000.\0001\000.\0003\000\040\116\012\116\013\145\207\173\241\164\006\126\150}{section.8.1}% 149
\BOOKMARK [1][-]{section.8.2}{\376\377\0008\000.\0002\000\040\165\065\147\072\143\247\122\066}{chapter.8}% 150
\BOOKMARK [2][-]{subsection.8.2.1}{\376\377\0008\000.\0002\000.\0001\000\040\000e\000n\000a\000b\000l\000e\000\050\000\051}{section.8.2}% 151
\BOOKMARK [2][-]{subsection.8.2.2}{\376\377\0008\000.\0002\000.\0002\000\040\000d\000i\000s\000a\000b\000l\000e\000\050\000\051}{section.8.2}% 152
\BOOKMARK [1][-]{section.8.3}{\376\377\0008\000.\0003\000\040\217\320\122\250\143\007\116\344}{chapter.8}% 153
\BOOKMARK [2][-]{subsection.8.3.1}{\376\377\0008\000.\0003\000.\0001\000\040\000w\000a\000l\000k\000\050\000\051}{section.8.3}% 154
\BOOKMARK [2][-]{subsection.8.3.2}{\376\377\0008\000.\0003\000.\0002\000\040\000s\000t\000a\000n\000d\000\137\000u\000p\000\050\000\051}{section.8.3}% 155
\BOOKMARK [2][-]{subsection.8.3.3}{\376\377\0008\000.\0003\000.\0003\000\040\000s\000i\000t\000\137\000d\000o\000w\000n\000\050\000\051}{section.8.3}% 156
\BOOKMARK [1][-]{section.8.4}{\376\377\0008\000.\0004\000\040\162\266\140\001\147\345\213\342}{chapter.8}% 157
\BOOKMARK [2][-]{subsection.8.4.1}{\376\377\0008\000.\0004\000.\0001\000\040\000g\000e\000t\000\137\000s\000t\000a\000t\000e\000\050\000\051}{section.8.4}% 158
\BOOKMARK [2][-]{subsection.8.4.2}{\376\377\0008\000.\0004\000.\0002\000\040\000g\000e\000t\000\137\000v\000o\000l\000t\000a\000g\000e\000\050\000\051}{section.8.4}% 159
\BOOKMARK [2][-]{subsection.8.4.3}{\376\377\0008\000.\0004\000.\0003\000\040\000g\000e\000t\000\137\000m\000o\000t\000o\000r\000\137\000s\000t\000a\000t\000u\000s\000\050\000\051}{section.8.4}% 160
\BOOKMARK [1][-]{section.8.5}{\376\377\0008\000.\0005\000\040\173\126\165\145\173\241\164\006}{chapter.8}% 161
\BOOKMARK [2][-]{subsection.8.5.1}{\376\377\0008\000.\0005\000.\0001\000\040\000g\000e\000t\000\137\000p\000r\000o\000f\000i\000l\000e\000\050\000\051}{section.8.5}% 162
\BOOKMARK [2][-]{subsection.8.5.2}{\376\377\0008\000.\0005\000.\0002\000\040\000s\000w\000i\000t\000c\000h\000\137\000p\000r\000o\000f\000i\000l\000e\000\050\000\051}{section.8.5}% 163
\BOOKMARK [1][-]{section.8.6}{\376\377\0008\000.\0006\000\040\213\312\145\255\116\016\150\007\133\232}{chapter.8}% 164
\BOOKMARK [2][-]{subsection.8.6.1}{\376\377\0008\000.\0006\000.\0001\000\040\000c\000l\000e\000a\000r\000\137\000m\000o\000t\000o\000r\000\137\000f\000a\000u\000l\000t\000\050\000\051}{section.8.6}% 165
\BOOKMARK [2][-]{subsection.8.6.2}{\376\377\0008\000.\0006\000.\0002\000\040\000s\000e\000t\000\137\000z\000e\000r\000o\000\050\000\051}{section.8.6}% 166
\BOOKMARK [1][-]{section.8.7}{\376\377\0008\000.\0007\000\040\133\236\145\366\145\160\143\156\155\101}{chapter.8}% 167
\BOOKMARK [2][-]{subsection.8.7.1}{\376\377\0008\000.\0007\000.\0001\000\040\000l\000i\000s\000t\000e\000n\000\137\000i\000m\000u\000\050\000\051}{section.8.7}% 168
\BOOKMARK [2][-]{subsection.8.7.2}{\376\377\0008\000.\0007\000.\0002\000\040\000l\000i\000s\000t\000e\000n\000\137\000j\000o\000i\000n\000t\000\050\000\051}{section.8.7}% 169
\BOOKMARK [2][-]{subsection.8.7.3}{\376\377\0008\000.\0007\000.\0003\000\040\000l\000i\000s\000t\000e\000n\000\137\000s\000t\000a\000t\000e\000\050\000\051}{section.8.7}% 170
\BOOKMARK [1][-]{section.8.8}{\376\377\0008\000.\0008\000\040\145\160\143\156\174\173\127\213\123\302\200\003}{chapter.8}% 171
\BOOKMARK [2][-]{subsection.8.8.1}{\376\377\0008\000.\0008\000.\0001\000\040\000V\000e\000c\0003}{section.8.8}% 172
\BOOKMARK [2][-]{subsection.8.8.2}{\376\377\0008\000.\0008\000.\0002\000\040\000Q\000u\000a\000t}{section.8.8}% 173
\BOOKMARK [2][-]{subsection.8.8.3}{\376\377\0008\000.\0008\000.\0003\000\040\000I\000m\000u\000D\000a\000t\000a}{section.8.8}% 174
\BOOKMARK [2][-]{subsection.8.8.4}{\376\377\0008\000.\0008\000.\0004\000\040\000J\000o\000i\000n\000t\000D\000a\000t\000a}{section.8.8}% 175
\BOOKMARK [2][-]{subsection.8.8.5}{\376\377\0008\000.\0008\000.\0005\000\040\000M\000o\000t\000o\000r\000I\000n\000f\000o}{section.8.8}% 176
\BOOKMARK [2][-]{subsection.8.8.6}{\376\377\0008\000.\0008\000.\0006\000\040\000P\000r\000o\000f\000i\000l\000e\000I\000n\000f\000o}{section.8.8}% 177
\BOOKMARK [2][-]{subsection.8.8.7}{\376\377\0008\000.\0008\000.\0007\000\040\000R\000o\000b\000o\000t\000S\000t\000a\000t\000e}{section.8.8}% 178
\BOOKMARK [1][-]{section.8.9}{\376\377\0008\000.\0009\000\040\225\031\213\357\131\004\164\006}{chapter.8}% 179
\BOOKMARK [2][-]{subsection.8.9.1}{\376\377\0008\000.\0009\000.\0001\000\040\217\336\143\245\215\205\145\366}{section.8.9}% 180
\BOOKMARK [2][-]{subsection.8.9.2}{\376\377\0008\000.\0009\000.\0002\000\040\136\070\211\301\225\031\213\357\170\001}{section.8.9}% 181
\BOOKMARK [2][-]{subsection.8.9.3}{\376\377\0008\000.\0009\000.\0003\000\040\000A\000r\000b\000i\000t\000e\000r\000\040\143\247\122\066\147\103\121\262\172\201}{section.8.9}% 182
\BOOKMARK [2][-]{subsection.8.9.4}{\376\377\0008\000.\0009\000.\0004\000\040\155\101\137\017\143\245\123\343\137\002\136\070\131\004\164\006}{section.8.9}% 183
\BOOKMARK [0][-]{chapter.9}{\376\377\173\054\116\135\172\340\000\040\000\040\133\211\121\150\143\007\123\127}{}% 184
\BOOKMARK [1][-]{section.9.1}{\376\377\0009\000.\0001\000\040\144\315\117\134\122\115\150\300\147\345\156\005\123\125}{chapter.9}% 185
\BOOKMARK [1][-]{section.9.2}{\376\377\0009\000.\0002\000\040\117\116\123\213\117\335\142\244}{chapter.9}% 186
\BOOKMARK [2][-]{subsection.9.2.1}{\376\377\0009\000.\0002\000.\0001\000\040\117\335\142\244\147\072\122\066}{section.9.2}% 187
\BOOKMARK [2][-]{subsection.9.2.2}{\376\377\0009\000.\0002\000.\0002\000\040\165\065\123\213\173\111\176\247\123\302\200\003}{section.9.2}% 188
\BOOKMARK [2][-]{subsection.9.2.3}{\376\377\0009\000.\0002\000.\0003\000\040\154\350\141\017\116\213\230\171}{section.9.2}% 189
\BOOKMARK [1][-]{section.9.3}{\376\377\0009\000.\0003\000\040\121\163\202\202\226\120\117\115\117\335\142\244}{chapter.9}% 190
\BOOKMARK [2][-]{subsection.9.3.1}{\376\377\0009\000.\0003\000.\0001\000\040\117\335\142\244\147\072\122\066}{section.9.3}% 191
\BOOKMARK [2][-]{subsection.9.3.2}{\376\377\0009\000.\0003\000.\0002\000\040\211\346\123\321\124\016\147\234}{section.9.3}% 192
\BOOKMARK [2][-]{subsection.9.3.3}{\376\377\0009\000.\0003\000.\0003\000\040\230\204\226\062\143\252\145\275}{section.9.3}% 193
\BOOKMARK [1][-]{section.9.4}{\376\377\0009\000.\0004\000\040\165\065\147\072\145\105\226\234\131\004\164\006}{chapter.9}% 194
\BOOKMARK [2][-]{subsection.9.4.1}{\376\377\0009\000.\0004\000.\0001\000\040\150\300\155\113\145\105\226\234}{section.9.4}% 195
\BOOKMARK [2][-]{subsection.9.4.2}{\376\377\0009\000.\0004\000.\0002\000\040\156\005\226\144\145\105\226\234}{section.9.4}% 196
\BOOKMARK [2][-]{subsection.9.4.3}{\376\377\0009\000.\0004\000.\0003\000\040\145\105\226\234\131\004\164\006\155\101\172\013}{section.9.4}% 197
\BOOKMARK [2][-]{subsection.9.4.4}{\376\377\0009\000.\0004\000.\0004\000\040\123\315\131\015\121\372\163\260\166\204\145\105\226\234}{section.9.4}% 198
\BOOKMARK [1][-]{section.9.5}{\376\377\0009\000.\0005\000\040\140\045\120\134\172\013\136\217}{chapter.9}% 199
\BOOKMARK [2][-]{subsection.9.5.1}{\376\377\0009\000.\0005\000.\0001\000\040\217\157\116\366\140\045\120\134\377\010\000S\000D\000K\377\011}{section.9.5}% 200
\BOOKMARK [2][-]{subsection.9.5.2}{\376\377\0009\000.\0005\000.\0002\000\040\220\145\143\247\126\150\140\045\120\134}{section.9.5}% 201
\BOOKMARK [2][-]{subsection.9.5.3}{\376\377\0009\000.\0005\000.\0003\000\040\170\154\116\366\145\255\165\065}{section.9.5}% 202
\BOOKMARK [2][-]{subsection.9.5.4}{\376\377\0009\000.\0005\000.\0004\000\040\140\045\120\134\117\030\121\110\176\247}{section.9.5}% 203
\BOOKMARK [1][-]{section.9.6}{\376\377\0009\000.\0006\000\040\000A\000r\000b\000i\000t\000e\000r\000\040\143\247\122\066\116\362\210\301\133\211\121\150}{chapter.9}% 204
\BOOKMARK [2][-]{subsection.9.6.1}{\376\377\0009\000.\0006\000.\0001\000\040\116\362\210\301\211\304\122\031}{section.9.6}% 205
\BOOKMARK [2][-]{subsection.9.6.2}{\376\377\0009\000.\0006\000.\0002\000\040\133\371\000\040\000S\000D\000K\000\040\137\000\123\321\200\005\166\204\137\161\124\315}{section.9.6}% 206
\BOOKMARK [2][-]{subsection.9.6.3}{\376\377\0009\000.\0006\000.\0003\000\040\133\211\121\150\124\057\171\072}{section.9.6}% 207
\BOOKMARK [1][-]{section.9.7}{\376\377\0009\000.\0007\000\040\171\201\153\142\144\315\117\134}{chapter.9}% 208
\BOOKMARK [1][-]{section.9.8}{\376\377\0009\000.\0008\000\040\150\007\121\306\121\163\147\072\136\217\122\027}{chapter.9}% 209
\BOOKMARK [1][-]{section.9.9}{\376\377\0009\000.\0009\000\040\145\105\226\234\213\312\145\255\150\021}{chapter.9}% 210
\BOOKMARK [0][-]{chapter.10}{\376\377\173\054\123\101\172\340\000\040\000\040\136\070\211\301\225\356\230\230}{}% 211
\BOOKMARK [1][-]{section.10.1}{\376\377\0001\0000\000.\0001\000\040\217\336\143\245\225\356\230\230}{chapter.10}% 212
\BOOKMARK [2][-]{subsection.10.1.1}{\376\377\0001\0000\000.\0001\000.\0001\000\040\000Q\000:\000\040\217\336\143\245\215\205\145\366\000\040\000\050\000D\000E\000A\000D\000L\000I\000N\000E\000\137\000E\000X\000C\000E\000E\000D\000E\000D\000\051}{section.10.1}% 213
\BOOKMARK [2][-]{subsection.10.1.2}{\376\377\0001\0000\000.\0001\000.\0002\000\040\000Q\000:\000\040\217\336\143\245\210\253\142\322\176\335\000\040\000\050\000U\000N\000A\000V\000A\000I\000L\000A\000B\000L\000E\000\051}{section.10.1}% 214
\BOOKMARK [2][-]{subsection.10.1.3}{\376\377\0001\0000\000.\0001\000.\0003\000\040\000Q\000:\000\040\000I\000P\000\040\127\060\127\100\116\015\170\156\133\232}{section.10.1}% 215
\BOOKMARK [1][-]{section.10.2}{\376\377\0001\0000\000.\0002\000\040\165\065\147\072\116\015\122\250}{chapter.10}% 216
\BOOKMARK [2][-]{subsection.10.2.1}{\376\377\0001\0000\000.\0002\000.\0001\000\040\000Q\000:\000\040\214\003\165\050\116\206\000\040\000e\000n\000a\000b\000l\000e\000\050\000\051\000\040\117\106\165\065\147\072\154\241\123\315\136\224}{section.10.2}% 217
\BOOKMARK [2][-]{subsection.10.2.2}{\376\377\0001\0000\000.\0002\000.\0002\000\040\000Q\000:\000\040\123\352\147\011\220\350\122\006\165\065\147\072\122\250\377\014\121\166\116\326\116\015\122\250}{section.10.2}% 218
\BOOKMARK [2][-]{subsection.10.2.3}{\376\377\0001\0000\000.\0002\000.\0003\000\040\000Q\000:\000\040\000e\000n\000a\000b\000l\000e\000\050\000\051\000\040\124\016\162\266\140\001\154\241\123\330\123\026}{section.10.2}% 219
\BOOKMARK [1][-]{section.10.3}{\376\377\0001\0000\000.\0003\000\040\147\072\126\150\116\272\144\124\120\022}{chapter.10}% 220
\BOOKMARK [2][-]{subsection.10.3.1}{\376\377\0001\0000\000.\0003\000.\0001\000\040\000Q\000:\000\040\210\114\215\160\116\055\172\201\161\066\127\120\116\013}{section.10.3}% 221
\BOOKMARK [2][-]{subsection.10.3.2}{\376\377\0001\0000\000.\0003\000.\0002\000\040\000Q\000:\000\040\172\331\215\167\147\145\124\016\172\313\123\163\144\124\120\022}{section.10.3}% 222
\BOOKMARK [1][-]{section.10.4}{\376\377\0001\0000\000.\0004\000\040\210\114\215\160\143\007\116\344\145\340\145\110}{chapter.10}% 223
\BOOKMARK [2][-]{subsection.10.4.1}{\376\377\0001\0000\000.\0004\000.\0001\000\040\000Q\000:\000\040\000w\000a\000l\000k\000\050\000\051\000\040\214\003\165\050\142\020\122\237\117\106\147\072\126\150\116\272\116\015\122\250}{section.10.4}% 224
\BOOKMARK [2][-]{subsection.10.4.2}{\376\377\0001\0000\000.\0004\000.\0002\000\040\000Q\000:\000\040\220\145\143\247\126\150\127\050\176\277\145\366\000\040\000S\000D\000K\000\040\143\007\116\344\210\253\137\375\165\145}{section.10.4}% 225
\BOOKMARK [1][-]{section.10.5}{\376\377\0001\0000\000.\0005\000\040\173\126\165\145\122\007\143\142\131\061\215\045}{chapter.10}% 226
\BOOKMARK [2][-]{subsection.10.5.1}{\376\377\0001\0000\000.\0005\000.\0001\000\040\000Q\000:\000\040\000s\000w\000i\000t\000c\000h\000\137\000p\000r\000o\000f\000i\000l\000e\000\050\000\051\000\040\142\245\225\031}{section.10.5}% 227
\BOOKMARK [2][-]{subsection.10.5.2}{\376\377\0001\0000\000.\0005\000.\0002\000\040\000Q\000:\000\040\173\126\165\145\124\015\171\360\116\015\133\130\127\050}{section.10.5}% 228
\BOOKMARK [2][-]{subsection.10.5.3}{\376\377\0001\0000\000.\0005\000.\0003\000\040\000Q\000:\000\040\122\007\143\142\173\126\165\145\124\016\210\114\116\072\137\002\136\070}{section.10.5}% 229
\BOOKMARK [1][-]{section.10.6}{\376\377\0001\0000\000.\0006\000\040\000I\000M\000U\000\040\145\160\143\156\137\002\136\070}{chapter.10}% 230
\BOOKMARK [2][-]{subsection.10.6.1}{\376\377\0001\0000\000.\0006\000.\0001\000\040\000Q\000:\000\040\126\333\121\103\145\160\145\160\120\074\167\013\215\167\147\145\116\015\133\371}{section.10.6}% 231
\BOOKMARK [2][-]{subsection.10.6.2}{\376\377\0001\0000\000.\0006\000.\0002\000\040\000Q\000:\000\040\147\072\126\150\116\272\227\131\153\142\117\106\211\322\220\037\136\246\116\015\116\072\226\366}{section.10.6}% 232
\BOOKMARK [2][-]{subsection.10.6.3}{\376\377\0001\0000\000.\0006\000.\0003\000\040\000Q\000:\000\040\000l\000i\000s\000t\000e\000n\000\137\000i\000m\000u\000\050\000\051\000\040\230\221\163\207\116\015\146\057\000\040\0005\0000\000H\000z}{section.10.6}% 233
\BOOKMARK [1][-]{section.10.7}{\376\377\0001\0000\000.\0007\000\040\140\047\200\375\116\016\136\366\217\337}{chapter.10}% 234
\BOOKMARK [2][-]{subsection.10.7.1}{\376\377\0001\0000\000.\0007\000.\0001\000\040\000Q\000:\000\040\000g\000R\000P\000C\000\040\214\003\165\050\136\366\217\337\147\011\131\032\131\047\377\037}{section.10.7}% 235
\BOOKMARK [2][-]{subsection.10.7.2}{\376\377\0001\0000\000.\0007\000.\0002\000\040\000Q\000:\000\040\0005\0000\000H\000z\000\040\143\247\122\066\230\221\163\207\131\037\165\050\124\027\377\037}{section.10.7}% 236
\BOOKMARK [2][-]{subsection.10.7.3}{\376\377\0001\0000\000.\0007\000.\0003\000\040\000Q\000:\000\040\000P\000y\000t\000h\000o\000n\000\040\000G\000I\000L\000\040\117\032\137\161\124\315\133\236\145\366\140\047\124\027\377\037}{section.10.7}% 237
\BOOKMARK [1][-]{section.10.8}{\376\377\0001\0000\000.\0008\000\040\163\257\130\203\123\330\221\317\123\302\200\003}{chapter.10}% 238
\BOOKMARK [1][-]{section.10.9}{\376\377\0001\0000\000.\0009\000\040\177\121\176\334\143\222\226\234}{chapter.10}% 239
\BOOKMARK [2][-]{subsection.10.9.1}{\376\377\0001\0000\000.\0009\000.\0001\000\040\127\372\147\054\217\336\220\032\140\047\150\300\147\345}{section.10.9}% 240
\BOOKMARK [2][-]{subsection.10.9.2}{\376\377\0001\0000\000.\0009\000.\0002\000\040\226\062\160\153\130\231\150\300\147\345}{section.10.9}% 241
\BOOKMARK [2][-]{subsection.10.9.3}{\376\377\0001\0000\000.\0009\000.\0003\000\040\177\121\176\334\142\323\142\121\211\201\154\102}{section.10.9}% 242
\BOOKMARK [2][-]{subsection.10.9.4}{\376\377\0001\0000\000.\0009\000.\0004\000\040\217\334\172\013\137\000\123\321\377\010\220\032\217\307\000\040\000S\000S\000H\000\040\226\247\220\123\377\011}{section.10.9}% 243
\BOOKMARK [1][-]{section.10.10}{\376\377\0001\0000\000.\0001\0000\000\040\143\320\116\244\000\040\000B\000u\000g\000\040\142\245\124\112}{chapter.10}% 244
\BOOKMARK [2][-]{subsection.10.10.1}{\376\377\0001\0000\000.\0001\0000\000.\0001\000\040\137\305\211\201\117\341\140\157}{section.10.10}% 245
\BOOKMARK [2][-]{subsection.10.10.2}{\376\377\0001\0000\000.\0001\0000\000.\0002\000\040\145\066\226\306\213\312\145\255\117\341\140\157\166\204\201\032\147\054}{section.10.10}% 246
\BOOKMARK [2][-]{subsection.10.10.3}{\376\377\0001\0000\000.\0001\0000\000.\0003\000\040\145\345\137\327\145\066\226\306}{section.10.10}% 247
\BOOKMARK [2][-]{subsection.10.10.4}{\376\377\0001\0000\000.\0001\0000\000.\0004\000\040\200\124\174\373\145\271\137\017}{section.10.10}% 248
\BOOKMARK [1][-]{section.10.11}{\376\377\0001\0000\000.\0001\0001\000\040\000S\000S\000H\000\040\213\277\225\356\116\016\174\373\176\337\147\015\122\241}{chapter.10}% 249
\BOOKMARK [2][-]{subsection.10.11.1}{\376\377\0001\0000\000.\0001\0001\000.\0001\000\040\236\330\213\244\215\046\142\067}{section.10.11}% 250
\BOOKMARK [2][-]{subsection.10.11.2}{\376\377\0001\0000\000.\0001\0001\000.\0002\000\040\000b\000r\000a\000i\000n\000s\000t\000e\000m\000\040\147\015\122\241\173\241\164\006}{section.10.11}% 251
\BOOKMARK [2][-]{subsection.10.11.3}{\376\377\0001\0000\000.\0001\0001\000.\0003\000\040\145\340\177\121\176\334\163\257\130\203\116\013\166\204\131\007\220\011\217\336\143\245\145\271\137\017}{section.10.11}% 252
